exports[`test Render MeisterBody test 1`] = `
<div>
  <div
    className="container">
    <div
      className="row">
      <div
        className="">
        <div>
          <div
            className="well">
            <div
              className="container-fluid">
              <div
                className="row">
                <div
                  className="col-md-3">
                  <div
                    className="form-group">
                    <label
                      className="control-label"
                      htmlFor="formControlsSelect">
                      Type
                    </label>
                    <select
                      className="form-control"
                      id="formControlsSelect"
                      onChange={[Function]}
                      type={undefined}>
                      <option
                        value="select">
                        
                      </option>
                    </select>
                  </div>
                </div>
                <div
                  className="col-md-3">
                  <div
                    className="form-group">
                    <label
                      className="control-label"
                      htmlFor="formControlsSelect">
                      Brands
                    </label>
                    <select
                      className="form-control"
                      id="formControlsSelect"
                      onChange={[Function]}
                      type={undefined}>
                      <option
                        value="select">
                        
                      </option>
                    </select>
                  </div>
                </div>
                <div
                  className="col-md-3">
                  <div
                    className="form-group">
                    <label
                      className="control-label"
                      htmlFor="formControlsSelect">
                      Colors
                    </label>
                    <select
                      className="form-control"
                      id="formControlsSelect"
                      onChange={[Function]}
                      type={undefined}>
                      <option
                        value="select">
                        
                      </option>
                    </select>
                  </div>
                </div>
                <div
                  className="col-md-3">
                  <br />
                  <button
                    className="btn btn-lg btn-primary btn-block"
                    disabled={false}
                    onClick={[Function]}
                    type="button">
                    <span
                      className="glyphicon glyphicon-ok" />
                     Select
                  </button>
                </div>
              </div>
            </div>
          </div>
        </div>
      </div>
    </div>
    <div
      className="row">
      <div
        className="table-responsive">
        <table
          className="table table-striped table-bordered table-condensed table-hover">
          <thead>
            <tr>
              <th
                width="33%">
                Type
              </th>
              <th
                width="33%">
                Brand
              </th>
              <th
                width="33%">
                Color
              </th>
            </tr>
          </thead>
          <tbody />
        </table>
      </div>
    </div>
  </div>
</div>
`;
