exports[`test Render CarForm test 1`] = `
<div>
  <div
    className="well">
    <div
      className="container-fluid">
      <div
        className="row">
        <div
          className="col-md-3">
          <div
            className="form-group">
            <label
              className="control-label"
              htmlFor="formControlsSelect">
              Type
            </label>
            <select
              className="form-control"
              id="formControlsSelect"
              onChange={[Function]}
              type={undefined}>
              <option
                value="select">
                
              </option>
              <option
                value={1}>
                uno
              </option>
              <option
                value={2}>
                dos
              </option>
            </select>
          </div>
        </div>
        <div
          className="col-md-3">
          <div
            className="form-group">
            <label
              className="control-label"
              htmlFor="formControlsSelect">
              Brands
            </label>
            <select
              className="form-control"
              id="formControlsSelect"
              onChange={[Function]}
              type={undefined}>
              <option
                value="select">
                
              </option>
              <option
                value={3}>
                tres
              </option>
              <option
                value={4}>
                cuatro
              </option>
            </select>
          </div>
        </div>
        <div
          className="col-md-3">
          <div
            className="form-group">
            <label
              className="control-label"
              htmlFor="formControlsSelect">
              Colors
            </label>
            <select
              className="form-control"
              id="formControlsSelect"
              onChange={[Function]}
              type={undefined}>
              <option
                value="select">
                
              </option>
              <option
                value={5}>
                cinco
              </option>
              <option
                value={6}>
                seis
              </option>
            </select>
          </div>
        </div>
        <div
          className="col-md-3">
          <br />
          <button
            className="btn btn-lg btn-primary btn-block"
            disabled={false}
            onClick={[Function]}
            type="button">
            <span
              className="glyphicon glyphicon-ok" />
             Select
          </button>
        </div>
      </div>
    </div>
  </div>
</div>
`;
